// Jest Snapshot v1, https://goo.gl/fbAQLP

exports[`Use Index Mapping Hook Retrieve index and transform the structure. 1`] = `
[MockFunction] {
  "calls": Array [
    Array [
      Array [
        Object {
          "containsSupport": false,
          "distinctTerm": true,
          "endsWithSupport": false,
          "label": "materialSampleType",
          "path": "data.attributes",
          "startsWithSupport": false,
          "type": "text",
          "value": "data.attributes.materialSampleType",
        },
        Object {
          "containsSupport": false,
          "distinctTerm": undefined,
          "endsWithSupport": false,
          "label": "createdOn",
          "path": "data.attributes",
          "startsWithSupport": false,
          "type": "date",
          "value": "data.attributes.createdOn",
        },
        Object {
          "containsSupport": true,
          "distinctTerm": undefined,
          "endsWithSupport": true,
          "label": "materialSampleName",
          "path": "data.attributes",
          "startsWithSupport": true,
          "type": "text",
          "value": "data.attributes.materialSampleName",
        },
        Object {
          "containsSupport": false,
          "distinctTerm": undefined,
          "endsWithSupport": false,
          "label": "preparationDate",
          "path": "data.attributes",
          "startsWithSupport": false,
          "type": "date",
          "value": "data.attributes.preparationDate",
        },
        Object {
          "containsSupport": false,
          "distinctTerm": undefined,
          "endsWithSupport": false,
          "label": "tags",
          "path": "data.attributes",
          "startsWithSupport": false,
          "type": "text",
          "value": "data.attributes.tags",
        },
        Object {
          "containsSupport": false,
          "distinctTerm": undefined,
          "endsWithSupport": false,
          "label": "createdBy",
          "path": "data.attributes",
          "startsWithSupport": false,
          "type": "text",
          "value": "data.attributes.createdBy",
        },
        Object {
          "containsSupport": false,
          "distinctTerm": undefined,
          "endsWithSupport": false,
          "label": "createdBy",
          "parentName": "collectingEvent",
          "parentPath": "included",
          "parentType": "collecting-event",
          "path": "attributes",
          "startsWithSupport": false,
          "type": "text",
          "value": "collecting-event.createdBy",
        },
        Object {
          "containsSupport": false,
          "distinctTerm": undefined,
          "endsWithSupport": false,
          "label": "createdOn",
          "parentName": "collectingEvent",
          "parentPath": "included",
          "parentType": "collecting-event",
          "path": "attributes",
          "startsWithSupport": false,
          "type": "date",
          "value": "collecting-event.createdOn",
        },
        Object {
          "containsSupport": false,
          "distinctTerm": undefined,
          "endsWithSupport": false,
          "label": "tags",
          "parentName": "collectingEvent",
          "parentPath": "included",
          "parentType": "collecting-event",
          "path": "attributes",
          "startsWithSupport": false,
          "type": "text",
          "value": "collecting-event.tags",
        },
        Object {
          "containsSupport": false,
          "distinctTerm": undefined,
          "endsWithSupport": false,
          "label": "habitat",
          "parentName": "collectingEvent",
          "parentPath": "included",
          "parentType": "collecting-event",
          "path": "attributes",
          "startsWithSupport": false,
          "type": "text",
          "value": "collecting-event.habitat",
        },
        Object {
          "containsSupport": false,
          "distinctTerm": undefined,
          "endsWithSupport": false,
          "label": "substrate",
          "parentName": "collectingEvent",
          "parentPath": "included",
          "parentType": "collecting-event",
          "path": "attributes",
          "startsWithSupport": false,
          "type": "text",
          "value": "collecting-event.substrate",
        },
        Object {
          "containsSupport": false,
          "distinctTerm": undefined,
          "endsWithSupport": false,
          "label": "dwcOtherRecordNumbers",
          "parentName": "collectingEvent",
          "parentPath": "included",
          "parentType": "collecting-event",
          "path": "attributes",
          "startsWithSupport": false,
          "type": "text",
          "value": "collecting-event.dwcOtherRecordNumbers",
        },
        Object {
          "containsSupport": false,
          "distinctTerm": undefined,
          "endsWithSupport": false,
          "label": "dwcRecordNumber",
          "parentName": "collectingEvent",
          "parentPath": "included",
          "parentType": "collecting-event",
          "path": "attributes",
          "startsWithSupport": false,
          "type": "text",
          "value": "collecting-event.dwcRecordNumber",
        },
        Object {
          "containsSupport": false,
          "distinctTerm": undefined,
          "endsWithSupport": false,
          "label": "startEventDateTime",
          "parentName": "collectingEvent",
          "parentPath": "included",
          "parentType": "collecting-event",
          "path": "attributes",
          "startsWithSupport": false,
          "type": "date",
          "value": "collecting-event.startEventDateTime",
        },
        Object {
          "containsSupport": false,
          "distinctTerm": undefined,
          "endsWithSupport": false,
          "label": "endEventDateTime",
          "parentName": "collectingEvent",
          "parentPath": "included",
          "parentType": "collecting-event",
          "path": "attributes",
          "startsWithSupport": false,
          "type": "date",
          "value": "collecting-event.endEventDateTime",
        },
        Object {
          "containsSupport": false,
          "distinctTerm": true,
          "endsWithSupport": false,
          "label": "name",
          "parentName": "preparationMethod",
          "parentPath": "included",
          "parentType": "preparation-method",
          "path": "attributes",
          "startsWithSupport": false,
          "type": "text",
          "value": "preparation-method.name",
        },
        Object {
          "containsSupport": false,
          "distinctTerm": undefined,
          "endsWithSupport": false,
          "label": "name",
          "parentName": "storageUnit",
          "parentPath": "included",
          "parentType": "storage-unit",
          "path": "attributes",
          "startsWithSupport": false,
          "type": "text",
          "value": "storage-unit.name",
        },
        Object {
          "containsSupport": false,
          "distinctTerm": undefined,
          "endsWithSupport": false,
          "label": "determination.verbatimScientificName",
          "parentName": "organism",
          "parentPath": "included",
          "parentType": "organism",
          "path": "attributes.determination",
          "startsWithSupport": false,
          "type": "text",
          "value": "organism.determination.verbatimScientificName",
        },
        Object {
          "containsSupport": false,
          "distinctTerm": undefined,
          "endsWithSupport": false,
          "label": "determination.scientificName",
          "parentName": "organism",
          "parentPath": "included",
          "parentType": "organism",
          "path": "attributes.determination",
          "startsWithSupport": false,
          "type": "text",
          "value": "organism.determination.scientificName",
        },
        Object {
          "containsSupport": false,
          "distinctTerm": undefined,
          "endsWithSupport": false,
          "label": "determination.typeStatus",
          "parentName": "organism",
          "parentPath": "included",
          "parentType": "organism",
          "path": "attributes.determination",
          "startsWithSupport": false,
          "type": "text",
          "value": "organism.determination.typeStatus",
        },
        Object {
          "containsSupport": false,
          "distinctTerm": true,
          "endsWithSupport": false,
          "label": "name",
          "parentName": "collection",
          "parentPath": "included",
          "parentType": "collection",
          "path": "attributes",
          "startsWithSupport": false,
          "type": "text",
          "value": "collection.name",
        },
        Object {
          "containsSupport": false,
          "distinctTerm": true,
          "endsWithSupport": false,
          "label": "code",
          "parentName": "collection",
          "parentPath": "included",
          "parentType": "collection",
          "path": "attributes",
          "startsWithSupport": false,
          "type": "text",
          "value": "collection.code",
        },
        Object {
          "containsSupport": false,
          "distinctTerm": undefined,
          "endsWithSupport": false,
          "label": "name",
          "parentName": "assemblages",
          "parentPath": "included",
          "parentType": "assemblage",
          "path": "attributes",
          "startsWithSupport": false,
          "type": "text",
          "value": "assemblage.name",
        },
        Object {
          "containsSupport": false,
          "distinctTerm": true,
          "endsWithSupport": false,
          "label": "name",
          "parentName": "preparationType",
          "parentPath": "included",
          "parentType": "preparation-type",
          "path": "attributes",
          "startsWithSupport": false,
          "type": "text",
          "value": "preparation-type.name",
        },
      ],
    ],
  ],
  "results": Array [
    Object {
      "type": "return",
      "value": undefined,
    },
  ],
}
`;
