// Jest Snapshot v1, https://goo.gl/fbAQLP

exports[`MaterialSampleBulkEditor Bulk edit all material samples using other catalogue and other identifiers 1`] = `
Array [
  Array [
    Array [
      Object {
        "resource": Object {
          "publiclyReleasable": null,
        },
        "type": "material-sample",
      },
    ],
    Object {
      "apiBaseUrl": "/collection-api",
    },
  ],
  Array [
    Array [
      Object {
        "resource": Object {
          "dwcOtherCatalogNumbers": Array [
            "otherCatalogAll",
          ],
          "id": "1",
          "type": "material-sample",
        },
        "type": "material-sample",
      },
      Object {
        "resource": Object {
          "dwcOtherCatalogNumbers": Array [
            "otherCatalogAll",
          ],
          "id": "2",
          "type": "material-sample",
        },
        "type": "material-sample",
      },
      Object {
        "resource": Object {
          "dwcOtherCatalogNumbers": Array [
            "otherCatalogAll",
          ],
          "id": "3",
          "type": "material-sample",
        },
        "type": "material-sample",
      },
    ],
    Object {
      "apiBaseUrl": "/collection-api",
    },
  ],
]
`;
