// Jest Snapshot v1, https://goo.gl/fbAQLP

exports[`MaterialSampleSplitGenerationForm Layout snapshot 1`] = `
"<main className=\\"container-fluid px-5\\" role=\\"main\\">
  <h1 id=\\"wb-cont\\">
    Split Material Sample
  </h1>
  <div className=\\"row\\">
    <div className=\\"col-md-5\\">
      <h4 className=\\"mt-2\\">
        <FormattedMessage id=\\"settingLabel\\">
          <FormattedMessage defaultMessage=\\" \\" id=\\"settingLabel\\">
            Settings
          </FormattedMessage>
        </FormattedMessage>
      </h4>
      <Card body={false}>
        <div className=\\"card\\">
          <CardBody>
            <div className=\\"card-body\\">
              <FormattedMessage id=\\"splitFrom\\">
                <FormattedMessage defaultMessage=\\" \\" id=\\"splitFrom\\">
                  Split from
                </FormattedMessage>
              </FormattedMessage>
              :
              <span className=\\"ms-2\\" />
            </div>
          </CardBody>
        </div>
      </Card>
      <NumberSpinnerField name=\\"numberToCreate\\" min={1} max={500} label=\\"Material Samples to Create\\" disabled={false} className=\\"mt-3\\">
        <FieldWrapper name=\\"numberToCreate\\" min={1} max={500} label=\\"Material Samples to Create\\" disabled={false} className=\\"mt-3\\">
          <FieldSpy fieldName=\\"numberToCreate\\" validate={[undefined]}>
            <FormikConnect(FastFieldInner) name=\\"numberToCreate\\" shouldUpdate={[Function: shouldRender]} validate={[undefined]}>
              <FastFieldInner name=\\"numberToCreate\\" shouldUpdate={[Function: shouldRender]} validate={[undefined]} formik={{...}}>
                <FieldSpyInternal fastFieldProps={{...}} fieldName=\\"numberToCreate\\">
                  <LabelWrapper fieldWrapperProps={{...}} fieldSpyProps={{...}}>
                    <div className=\\"mt-3\\">
                      <label className=\\"numberToCreate-field mb-2 w-100 mb-3\\" htmlFor={[undefined]}>
                        <div className=\\"field-label mb-2\\">
                          <strong>
                            Material Samples to Create
                          </strong>
                        </div>
                        <div className={[undefined]} style={{...}}>
                          <FormikConnectedField fieldSpyProps={{...}} fieldWrapperProps={{...}}>
                            <ErrorBoundary FallbackComponent={[Function: FallbackComponent]}>
                              <input className=\\"form-control\\" type=\\"number\\" min={1} max={500} size={4} step={1} onKeyDown={[Function: onKeyDown]} onChange={[Function: onChange]} onClick={[Function: onClick]} disabled={false} value={1} />
                            </ErrorBoundary>
                          </FormikConnectedField>
                        </div>
                      </label>
                    </div>
                  </LabelWrapper>
                </FieldSpyInternal>
              </FastFieldInner>
            </FormikConnect(FastFieldInner)>
          </FieldSpy>
        </FieldWrapper>
      </NumberSpinnerField>
    </div>
    <div className=\\"col-md-7\\">
      <PreviewGeneratedNames splitFromMaterialSamples={{...}} generatedIdentifiers={{...}} setGeneratedIdentifiers={[Function: bound dispatchAction]} splitConfiguration={[undefined]}>
        <div className=\\"mt-2\\">
          <h4>
            <FormattedMessage id=\\"previewLabel\\">
              <FormattedMessage defaultMessage=\\" \\" id=\\"previewLabel\\">
                Preview
              </FormattedMessage>
            </FormattedMessage>
          </h4>
          <table className=\\"table\\">
            <thead>
              <tr>
                <th>
                  <FormattedMessage id=\\"splitPreviewNumberColumn\\">
                    <FormattedMessage defaultMessage=\\" \\" id=\\"splitPreviewNumberColumn\\">
                      Number
                    </FormattedMessage>
                  </FormattedMessage>
                </th>
                <th>
                  <FormattedMessage id=\\"splitPreviewGeneratedIdentifierColumn\\">
                    <FormattedMessage defaultMessage=\\" \\" id=\\"splitPreviewGeneratedIdentifierColumn\\">
                      Generated Identifier
                    </FormattedMessage>
                  </FormattedMessage>
                </th>
                <th>
                  <FormattedMessage id=\\"parentMaterialSample\\">
                    <FormattedMessage defaultMessage=\\" \\" id=\\"parentMaterialSample\\">
                       Parent Material Sample
                    </FormattedMessage>
                  </FormattedMessage>
                </th>
                <th>
                  <FormattedMessage id=\\"field_materialSampleType\\">
                    <FormattedMessage defaultMessage=\\" \\" id=\\"field_materialSampleType\\">
                      Material Sample Type
                    </FormattedMessage>
                  </FormattedMessage>
                </th>
              </tr>
            </thead>
            <tbody>
              <tr>
                <td>
                  #
                  1
                </td>
                <td>
                  <LoadingSpinner loading={true}>
                    <div className=\\"spinner-border\\" role=\\"status\\">
                      <span className=\\"visually-hidden mb-3\\">
                        Loading...
                      </span>
                    </div>
                  </LoadingSpinner>
                </td>
                <td />
                <td />
              </tr>
            </tbody>
          </table>
        </div>
      </PreviewGeneratedNames>
    </div>
  </div>
</main>"
`;
